­ƒöì Quick Database Test

­ƒôè Table 'account': 3 records
­ƒôè Table 'user_settings': 4 records
­ƒôè Table 'transactions': 20 records

­ƒº¬ Testing INSERT operations...
Ô£à Account INSERT: OK
Ô£à Settings INSERT: OK
Ô£à Transaction INSERT: OK

­ƒöì Testing SELECT operations...
Ô£à Account SELECT: Found 1 record(s)
Ô£à Settings SELECT: Found 1 record(s)
Ô£à Transactions SELECT: Found 1 record(s)
­ƒôï Account: test_user (EUR)
­ƒôï Transaction: Test Coffee ÔåÆ -3.50Ôé¼

­ƒº╣ Cleaning up test data...
Ô£à Cleanup completed

­ƒÄë Database is working perfectly!
